warning: `.opacity(0.0)` hides the view visually but leaves it in the accessibility tree and hit-testing
  --> $DIR/main.rs:5:23
   |
LL |     let _ = text("a").opacity(0.0);
   |                       ^^^^^^^^^^^^
   |
   = note: `#[warn(opacity_as_visibility)]` on by default
help: use `.visible(..)`, which also hides the view from screen readers and taps
   |
LL -     let _ = text("a").opacity(0.0);
LL +     let _ = text("a").visible(false);
   |

warning: `.opacity(0.0)` hides the view visually but leaves it in the accessibility tree and hit-testing
  --> $DIR/main.rs:7:23
   |
LL |     let _ = text("a").opacity(0);
   |                       ^^^^^^^^^^
   |
help: use `.visible(..)`, which also hides the view from screen readers and taps
   |
LL -     let _ = text("a").opacity(0);
LL +     let _ = text("a").visible(false);
   |

warning: this binding has a dedicated constructor
  --> $DIR/main.rs:10:32
   |
LL |     let shown: Binding<bool> = binding(true);
   |                                ^^^^^^^^^^^^^
   |
   = note: `#[warn(typed_binding_constructor)]` on by default
help: use `Binding::bool`
   |
LL -     let shown: Binding<bool> = binding(true);
LL +     let shown = Binding::bool(true);
   |

warning: `.opacity(0.0)` hides the view visually but leaves it in the accessibility tree and hit-testing
  --> $DIR/main.rs:11:23
   |
LL |     let _ = text("a").opacity(shown.select(1.0, 0.0));
   |                       ^^^^^^^^^^^^^^^^^^^^^^^^^^^^^^^
   |
help: use `.visible(..)`, which also hides the view from screen readers and taps
   |
LL -     let _ = text("a").opacity(shown.select(1.0, 0.0));
LL +     let _ = text("a").visible(shown);
   |

warning: this binding has a dedicated constructor
  --> $DIR/main.rs:13:33
   |
LL |     let hidden: Binding<bool> = binding(true);
   |                                 ^^^^^^^^^^^^^
   |
help: use `Binding::bool`
   |
LL -     let hidden: Binding<bool> = binding(true);
LL +     let hidden = Binding::bool(true);
   |

warning: `.opacity(0.0)` hides the view visually but leaves it in the accessibility tree and hit-testing
  --> $DIR/main.rs:14:23
   |
LL |     let _ = text("a").opacity(hidden.select(0.0, 1.0));
   |                       ^^^^^^^^^^^^^^^^^^^^^^^^^^^^^^^^
   |
help: use `.visible(..)`, which also hides the view from screen readers and taps
   |
LL -     let _ = text("a").opacity(hidden.select(0.0, 1.0));
LL +     let _ = text("a").visible(hidden.not());
   |

warning: this binding has a dedicated constructor
  --> $DIR/main.rs:16:37
   |
LL |     let int_select: Binding<bool> = binding(true);
   |                                     ^^^^^^^^^^^^^
   |
help: use `Binding::bool`
   |
LL -     let int_select: Binding<bool> = binding(true);
LL +     let int_select = Binding::bool(true);
   |

warning: `.opacity(0.0)` hides the view visually but leaves it in the accessibility tree and hit-testing
  --> $DIR/main.rs:17:23
   |
LL |     let _ = text("a").opacity(int_select.select(1, 0));
   |                       ^^^^^^^^^^^^^^^^^^^^^^^^^^^^^^^^
   |
help: use `.visible(..)`, which also hides the view from screen readers and taps
   |
LL -     let _ = text("a").opacity(int_select.select(1, 0));
LL +     let _ = text("a").visible(int_select);
   |

warning: this binding has a dedicated constructor
  --> $DIR/main.rs:19:33
   |
LL |     let mapped: Binding<bool> = binding(true);
   |                                 ^^^^^^^^^^^^^
   |
help: use `Binding::bool`
   |
LL -     let mapped: Binding<bool> = binding(true);
LL +     let mapped = Binding::bool(true);
   |

warning: `.opacity(0.0)` hides the view visually but leaves it in the accessibility tree and hit-testing
  --> $DIR/main.rs:20:23
   |
LL |     let _ = text("a").opacity(mapped.map(|b| if b { 1.0 } else { 0.0 }));
   |                       ^^^^^^^^^^^^^^^^^^^^^^^^^^^^^^^^^^^^^^^^^^^^^^^^^^
   |
help: use `.visible(..)`, which also hides the view from screen readers and taps
   |
LL -     let _ = text("a").opacity(mapped.map(|b| if b { 1.0 } else { 0.0 }));
LL +     let _ = text("a").visible(mapped);
   |

warning: this `map` closure is a named `SignalExt` combinator
  --> $DIR/main.rs:20:31
   |
LL |     let _ = text("a").opacity(mapped.map(|b| if b { 1.0 } else { 0.0 }));
   |                               ^^^^^^^^^^^^^^^^^^^^^^^^^^^^^^^^^^^^^^^^^ help: use the combinator: `mapped.select(1.0, 0.0)`
   |
   = note: `#[warn(manual_signal_combinator)]` on by default

warning: this binding has a dedicated constructor
  --> $DIR/main.rs:22:34
   |
LL |     let swapped: Binding<bool> = binding(true);
   |                                  ^^^^^^^^^^^^^
   |
help: use `Binding::bool`
   |
LL -     let swapped: Binding<bool> = binding(true);
LL +     let swapped = Binding::bool(true);
   |

warning: `.opacity(0.0)` hides the view visually but leaves it in the accessibility tree and hit-testing
  --> $DIR/main.rs:23:23
   |
LL |     let _ = text("a").opacity(swapped.map(|b| if b { 0.0 } else { 1.0 }));
   |                       ^^^^^^^^^^^^^^^^^^^^^^^^^^^^^^^^^^^^^^^^^^^^^^^^^^^
   |
help: use `.visible(..)`, which also hides the view from screen readers and taps
   |
LL -     let _ = text("a").opacity(swapped.map(|b| if b { 0.0 } else { 1.0 }));
LL +     let _ = text("a").visible(swapped.not());
   |

warning: this `map` closure is a named `SignalExt` combinator
  --> $DIR/main.rs:23:31
   |
LL |     let _ = text("a").opacity(swapped.map(|b| if b { 0.0 } else { 1.0 }));
   |                               ^^^^^^^^^^^^^^^^^^^^^^^^^^^^^^^^^^^^^^^^^^ help: use the combinator: `swapped.select(0.0, 1.0)`

warning: this binding has a dedicated constructor
  --> $DIR/main.rs:26:15
   |
LL |         flag: binding(true),
   |               ^^^^^^^^^^^^^
   |
help: use `Binding::bool`
   |
LL -         flag: binding(true),
LL +         flag: Binding::bool(true),
   |

warning: `.opacity(0.0)` hides the view visually but leaves it in the accessibility tree and hit-testing
  --> $DIR/main.rs:28:23
   |
LL |     let _ = text("a").opacity(holder.flag.select(1.0, 0.0));
   |                       ^^^^^^^^^^^^^^^^^^^^^^^^^^^^^^^^^^^^^
   |
help: use `.visible(..)`, which also hides the view from screen readers and taps
   |
LL -     let _ = text("a").opacity(holder.flag.select(1.0, 0.0));
LL +     let _ = text("a").visible(holder.flag.clone());
   |

warning: this binding has a dedicated constructor
  --> $DIR/main.rs:30:33
   |
LL |     let reused: Binding<bool> = binding(true);
   |                                 ^^^^^^^^^^^^^
   |
help: use `Binding::bool`
   |
LL -     let reused: Binding<bool> = binding(true);
LL +     let reused = Binding::bool(true);
   |

warning: `.opacity(0.0)` hides the view visually but leaves it in the accessibility tree and hit-testing
  --> $DIR/main.rs:31:23
   |
LL |     let _ = text("a").opacity(reused.select(1.0, 0.0));
   |                       ^^^^^^^^^^^^^^^^^^^^^^^^^^^^^^^^
   |
help: use `.visible(..)`, which also hides the view from screen readers and taps
   |
LL -     let _ = text("a").opacity(reused.select(1.0, 0.0));
LL +     let _ = text("a").visible(reused.clone());
   |

warning: this binding has a dedicated constructor
  --> $DIR/main.rs:34:31
   |
LL |     let flag: Binding<bool> = binding(true);
   |                               ^^^^^^^^^^^^^
   |
help: use `Binding::bool`
   |
LL -     let flag: Binding<bool> = binding(true);
LL +     let flag = Binding::bool(true);
   |

warning: this `map` closure is a named `SignalExt` combinator
  --> $DIR/main.rs:40:31
   |
LL |     let _ = text("a").opacity(flag.map(|b| if b { 0.8 } else { 0.2 }));
   |                               ^^^^^^^^^^^^^^^^^^^^^^^^^^^^^^^^^^^^^^^ help: use the combinator: `flag.select(0.8, 0.2)`

warning: 20 warnings emitted

