warning: a tap gesture on a view with no accessibility role or label
  --> $DIR/main.rs:15:23
   |
LL |     let _ = text("a").on_tap(|| {});
   |                       ^^^^^^^^^^^^^
   |
   = help: assistive technology and `waterui-testing` queries cannot find this tappable region; add `.a11y_role(AccessibilityRole::Button)` and `.a11y_label(..)`, or use `button(..)`
note: the lint level is defined here
  --> $DIR/main.rs:7:9
   |
LL | #![warn(tappable_without_role)]
   |         ^^^^^^^^^^^^^^^^^^^^^

warning: a tap gesture on a view with no accessibility role or label
  --> $DIR/main.rs:17:44
   |
LL |     let _ = hstack((text("a"), text("b"))).on_tap_gesture(|| {});
   |                                            ^^^^^^^^^^^^^^^^^^^^^
   |
   = help: assistive technology and `waterui-testing` queries cannot find this tappable region; add `.a11y_role(AccessibilityRole::Button)` and `.a11y_label(..)`, or use `button(..)`

warning: a tap gesture on a view with no accessibility role or label
  --> $DIR/main.rs:19:33
   |
LL |     let _ = text("a").padding().on_tap(|| {});
   |                                 ^^^^^^^^^^^^^
   |
   = help: assistive technology and `waterui-testing` queries cannot find this tappable region; add `.a11y_role(AccessibilityRole::Button)` and `.a11y_label(..)`, or use `button(..)`

warning: a tap gesture on a view with no accessibility role or label
  --> $DIR/main.rs:21:23
   |
LL |     let _ = text("a").gesture(TapGesture::new(), || {});
   |                       ^^^^^^^^^^^^^^^^^^^^^^^^^^^^^^^^^
   |
   = help: assistive technology and `waterui-testing` queries cannot find this tappable region; add `.a11y_role(AccessibilityRole::Button)` and `.a11y_label(..)`, or use `button(..)`

warning: a tap gesture on a view with no accessibility role or label
  --> $DIR/main.rs:23:23
   |
LL |     let _ = text("a").on_tap(|| {}).a11y_hidden(true);
   |                       ^^^^^^^^^^^^^
   |
   = help: assistive technology and `waterui-testing` queries cannot find this tappable region; add `.a11y_role(AccessibilityRole::Button)` and `.a11y_label(..)`, or use `button(..)`

warning: 5 warnings emitted

