warning: this parameter takes `impl Into<Color>`; pass the colorspace value
  --> $DIR/main.rs:7:34
   |
LL |     let _ = text("a").foreground(Color::srgb_f32(0.9, 0.2, 0.35));
   |                                  ---------------^^^^^^^^^^^^^^^^
   |                                  |
   |                                  help: use `Srgb::new`: `Srgb::new`
   |
   = note: `#[warn(manual_color_erasure)]` on by default

warning: this parameter takes `impl IntoBackground`; pass the colorspace value
  --> $DIR/main.rs:9:34
   |
LL |     let _ = text("b").background(Color::srgb(230, 51, 89));
   |                                  -----------^^^^^^^^^^^^^
   |                                  |
   |                                  help: use `Srgb::new_u8`: `Srgb::new_u8`

warning: this parameter takes `impl Into<Color>`; pass the colorspace value
  --> $DIR/main.rs:11:25
   |
LL |     let _ = Circle.fill(Color::srgb_hex("#3B82F6"));
   |                         ---------------^^^^^^^^^^^
   |                         |
   |                         help: use `Srgb::from_hex`: `Srgb::from_hex`

warning: this parameter takes `impl IntoBackground`; pass the colorspace value
  --> $DIR/main.rs:13:34
   |
LL |     let _ = text("c").background(Color::srgb_u32(0x10B981));
   |                                  ---------------^^^^^^^^^^
   |                                  |
   |                                  help: use `Srgb::from_u32`: `Srgb::from_u32`

warning: this parameter takes `impl Into<Color>`; pass the colorspace value
  --> $DIR/main.rs:15:30
   |
LL |     let _ = text("d").border(Color::p3(0.1, 0.5, 0.9), 1.0);
   |                              ---------^^^^^^^^^^^^^^^
   |                              |
   |                              help: use `P3::new`: `P3::new`

warning: this parameter takes `impl Into<Color>`; pass the colorspace value
  --> $DIR/main.rs:20:25
   |
LL |     let _ = Circle.fill(<Srgb as Into<Color>>::into(Srgb::from_hex("#4CAF50")));
   |                         ^^^^^^^^^^^^^^^^^^^^^^^^^^^^^^^^^^^^^^^^^^^^^^^^^^^^^^ help: pass the colorspace value directly: `Srgb::from_hex("#4CAF50")`

warning: this parameter takes `impl Into<Color>`; pass the colorspace value
  --> $DIR/main.rs:22:34
   |
LL |     let _ = text("e").foreground(<P3 as Into<Color>>::into(P3::new(0.2, 0.3, 0.4)));
   |                                  ^^^^^^^^^^^^^^^^^^^^^^^^^^^^^^^^^^^^^^^^^^^^^^^^^ help: pass the colorspace value directly: `P3::new(0.2, 0.3, 0.4)`

warning: this parameter takes `impl Into<Color>`; pass the colorspace value
  --> $DIR/main.rs:24:34
   |
LL |     let _ = text("f").foreground(Color::from(Srgb::new(0.1, 0.5, 0.9)));
   |                                  ^^^^^^^^^^^^^^^^^^^^^^^^^^^^^^^^^^^^^ help: pass the colorspace value directly: `Srgb::new(0.1, 0.5, 0.9)`

warning: this parameter takes `impl Into<Color>`; pass the colorspace value
  --> $DIR/main.rs:26:25
   |
LL |     let _ = Border::new(Color::new(Srgb::new_u8(255, 0, 0)), 2.0);
   |                         ^^^^^^^^^^^^^^^^^^^^^^^^^^^^^^^^^^^ help: pass the colorspace value directly: `Srgb::new_u8(255, 0, 0)`

warning: this parameter takes `impl Into<Color>`; pass the colorspace value
  --> $DIR/main.rs:28:34
   |
LL |     let _ = text("g").foreground(Color::from(Srgb::new(0.1, 0.2, 0.3).with_opacity(0.4)));
   |                                  ^^^^^^^^^^^^^^^^^^^^^^^^^^^^^^^^^^^^^^^^^^^^^^^^^^^^^^^ help: pass the colorspace value directly: `Srgb::new(0.1, 0.2, 0.3).with_opacity(0.4)`

warning: this parameter takes `impl Into<Color>`; pass the colorspace value
  --> $DIR/main.rs:30:34
   |
LL |     let _ = text("h").foreground(Color::new(theme_color::Accent));
   |                                  ^^^^^^^^^^^^^^^^^^^^^^^^^^^^^^^ help: pass the colorspace value directly: `theme_color::Accent`

warning: this parameter takes `impl Into<Color>`; pass the colorspace value
  --> $DIR/main.rs:32:34
   |
LL |     let _ = text("i").foreground(Color::srgb_f32(0.1, 0.2, 0.3).with_opacity(0.5));
   |                                  ---------------^^^^^^^^^^^^^^^
   |                                  |
   |                                  help: use `Srgb::new`: `Srgb::new`

warning: this parameter takes `impl Into<Color>`; pass the colorspace value
  --> $DIR/main.rs:37:34
   |
LL |     let _ = text("i").foreground(<Color as Into<Color>>::into(Color::srgb(9, 20, 35)));
   |                                  ^^^^^^^^^^^^^^^^^^^^^^^^^^^^^^^^^^^^^^^^^^^^^^^^^^^^
   |
help: use `Srgb::new_u8`
   |
LL -     let _ = text("i").foreground(<Color as Into<Color>>::into(Color::srgb(9, 20, 35)));
LL +     let _ = text("i").foreground(Srgb::new_u8(9, 20, 35));
   |

warning: this parameter takes `impl Into<Color>`; pass the colorspace value
  --> $DIR/main.rs:39:42
   |
LL |     let _ = avatar("Radia Perlman").ring(Color::srgb(10, 20, 30), 2.0);
   |                                          -----------^^^^^^^^^^^^
   |                                          |
   |                                          help: use `Srgb::new_u8`: `Srgb::new_u8`

warning: this parameter takes `impl Into<Color>`; pass the colorspace value
  --> $DIR/main.rs:41:18
   |
LL |     let inline = Color::srgb_f32(0.7, 0.1, 0.2);
   |                  ---------------^^^^^^^^^^^^^^^
   |                  |
   |                  help: use `Srgb::new`: `Srgb::new`

warning: this parameter takes `impl Into<Color>`; pass the colorspace value
  --> $DIR/main.rs:104:38
   |
LL |         let _ = text("r").foreground(Color::srgb_f32(0.5, 0.5, 0.5));
   |                                      ^^^^^^^^^^^^^^^^^^^^^^^^^^^^^^
   |
help: import `waterui::color::Srgb` and pass the colorspace value
   |
LL ~     use waterui::prelude::{Color, ViewExt, text};
LL +     use waterui::color::Srgb;
LL |
LL |     pub fn f() {
LL |         // Fires: `Srgb` is not in scope — the suggestion imports it.
LL ~         let _ = text("r").foreground(Srgb::new(0.5, 0.5, 0.5));
   |

warning: color components written as literals; write the color as `Srgb::from_hex("#1A80E6")`
  --> $DIR/main.rs:24:46
   |
LL |     let _ = text("f").foreground(Color::from(Srgb::new(0.1, 0.5, 0.9)));
   |                                              ^^^^^^^^^^^^^^^^^^^^^^^^
   |
   = note: the components round to (26, 128, 230)
   = note: `#[warn(literal_color_components)]` on by default
help: write it as a hex literal
   |
LL -     let _ = text("f").foreground(Color::from(Srgb::new(0.1, 0.5, 0.9)));
LL +     let _ = text("f").foreground(Color::from(Srgb::from_hex("#1A80E6")));
   |

warning: color components written as literals; write the color as `Srgb::from_hex("#FF0000")`
  --> $DIR/main.rs:26:36
   |
LL |     let _ = Border::new(Color::new(Srgb::new_u8(255, 0, 0)), 2.0);
   |                                    ^^^^^^^^^^^^^^^^^^^^^^^
   |
help: write it as a hex literal
   |
LL -     let _ = Border::new(Color::new(Srgb::new_u8(255, 0, 0)), 2.0);
LL +     let _ = Border::new(Color::new(Srgb::from_hex("#FF0000")), 2.0);
   |

warning: color components written as literals; write the color as `Srgb::from_hex("#1A334D")`
  --> $DIR/main.rs:28:46
   |
LL |     let _ = text("g").foreground(Color::from(Srgb::new(0.1, 0.2, 0.3).with_opacity(0.4)));
   |                                              ^^^^^^^^^^^^^^^^^^^^^^^^
   |
   = note: the components round to (26, 51, 77)
   = help: this color is built from literals 4 times in this crate; name it once — `const NAME: Srgb = Srgb::from_hex("#1A334D")`
help: write it as a hex literal
   |
LL -     let _ = text("g").foreground(Color::from(Srgb::new(0.1, 0.2, 0.3).with_opacity(0.4)));
LL +     let _ = text("g").foreground(Color::from(Srgb::from_hex("#1A334D").with_opacity(0.4)));
   |

warning: color components written as literals; write the color as `Color::srgb_hex("#1A334D")`
  --> $DIR/main.rs:50:34
   |
LL |     let _ = text("k").foreground(Color::srgb_f32(0.1, 0.2, 0.3).with_headroom(1.5));
   |                                  ^^^^^^^^^^^^^^^^^^^^^^^^^^^^^^
   |
   = note: the components round to (26, 51, 77)
   = help: this color is built from literals 4 times in this crate; name it once — `const NAME: Srgb = Srgb::from_hex("#1A334D")`
help: write it as a hex literal
   |
LL -     let _ = text("k").foreground(Color::srgb_f32(0.1, 0.2, 0.3).with_headroom(1.5));
LL +     let _ = text("k").foreground(Color::srgb_hex("#1A334D").with_headroom(1.5));
   |

warning: color components written as literals; write the color as `Color::srgb_hex("#1A334D")`
  --> $DIR/main.rs:54:34
   |
LL |     let _ = text("k").foreground(Color::srgb_f32(0.1, 0.2, 0.3).with_opacity(0.5f64));
   |                                  ^^^^^^^^^^^^^^^^^^^^^^^^^^^^^^
   |
   = note: the components round to (26, 51, 77)
   = help: this color is built from literals 4 times in this crate; name it once — `const NAME: Srgb = Srgb::from_hex("#1A334D")`
help: write it as a hex literal
   |
LL -     let _ = text("k").foreground(Color::srgb_f32(0.1, 0.2, 0.3).with_opacity(0.5f64));
LL +     let _ = text("k").foreground(Color::srgb_hex("#1A334D").with_opacity(0.5f64));
   |

warning: color components written as literals; write the color as `Color::srgb_hex("#1A334D")`
  --> $DIR/main.rs:57:11
   |
LL |     paint(Color::srgb_f32(0.1, 0.2, 0.3));
   |           ^^^^^^^^^^^^^^^^^^^^^^^^^^^^^^
   |
   = note: the components round to (26, 51, 77)
   = help: this color is built from literals 4 times in this crate; name it once — `const NAME: Srgb = Srgb::from_hex("#1A334D")`
help: write it as a hex literal
   |
LL -     paint(Color::srgb_f32(0.1, 0.2, 0.3));
LL +     paint(Color::srgb_hex("#1A334D"));
   |

warning: color components written as literals; write the color as `Color::srgb_hex("#334D66")`
  --> $DIR/main.rs:59:20
   |
LL |     let c: Color = Color::srgb_f32(0.2, 0.3, 0.4);
   |                    ^^^^^^^^^^^^^^^^^^^^^^^^^^^^^^
   |
   = note: the components round to (51, 77, 102)
   = help: this color is built from literals 2 times in this crate; name it once — `const NAME: Srgb = Srgb::from_hex("#334D66")`
help: write it as a hex literal
   |
LL -     let c: Color = Color::srgb_f32(0.2, 0.3, 0.4);
LL +     let c: Color = Color::srgb_hex("#334D66");
   |

warning: color components written as literals; write the color as `Color::srgb_hex("#334D66")`
  --> $DIR/main.rs:63:17
   |
LL |     let mixed = Color::srgb_f32(0.2, 0.3, 0.4);
   |                 ^^^^^^^^^^^^^^^^^^^^^^^^^^^^^^
   |
   = note: the components round to (51, 77, 102)
   = help: this color is built from literals 2 times in this crate; name it once — `const NAME: Srgb = Srgb::from_hex("#334D66")`
help: write it as a hex literal
   |
LL -     let mixed = Color::srgb_f32(0.2, 0.3, 0.4);
LL +     let mixed = Color::srgb_hex("#334D66");
   |

warning: color components written as literals; write the color as `Color::srgb_hex("#F44336")`
  --> $DIR/main.rs:84:42
   |
LL |     let _color: Binding<Color> = binding(Color::srgb(244, 67, 54));
   |                                          ^^^^^^^^^^^^^^^^^^^^^^^^
   |
help: write it as a hex literal
   |
LL -     let _color: Binding<Color> = binding(Color::srgb(244, 67, 54));
LL +     let _color: Binding<Color> = binding(Color::srgb_hex("#F44336"));
   |

warning: 25 warnings emitted

