warning: this binding has a dedicated constructor
  --> $DIR/main.rs:18:31
   |
LL |     let flag: Binding<bool> = binding(true);
   |                               ^^^^^^^^^^^^^
   |
   = note: `#[warn(typed_binding_constructor)]` on by default
help: use `Binding::bool`
   |
LL -     let flag: Binding<bool> = binding(true);
LL +     let flag = Binding::bool(true);
   |

warning: this parameter takes `impl Into<Color>`; pass the colorspace value
  --> $DIR/main.rs:22:30
   |
LL |         text("a").foreground(Color::srgb(255, 0, 0)),
   |                              -----------^^^^^^^^^^^
   |                              |
   |                              help: use `Srgb::new_u8`: `Srgb::new_u8`
   |
   = note: `#[warn(manual_color_erasure)]` on by default

warning: a literal color in view code does not adapt to the color scheme
  --> $DIR/main.rs:22:30
   |
LL |         text("a").foreground(Color::srgb(255, 0, 0)),
   |                              ^^^^^^^^^^^^^^^^^^^^^^
   |
   = help: use a theme token — `ForegroundColor`, `BackgroundColor`, `SurfaceColor`, `AccentColor`, `MutedForegroundColor` from `waterui::graphics::color` — or lift a brand color to a named constant
note: the lint level is defined here
  --> $DIR/main.rs:8:9
   |
LL | #![warn(hardcoded_theme_value)]
   |         ^^^^^^^^^^^^^^^^^^^^^

warning: a literal color in view code does not adapt to the color scheme
  --> $DIR/main.rs:24:30
   |
LL |         text("a").foreground(Srgb::new(0.2, 0.2, 0.2)),
   |                              ^^^^^^^^^^^^^^^^^^^^^^^^
   |
   = help: use a theme token — `ForegroundColor`, `BackgroundColor`, `SurfaceColor`, `AccentColor`, `MutedForegroundColor` from `waterui::graphics::color` — or lift a brand color to a named constant

warning: this parameter takes `impl Into<Color>`; pass the colorspace value
  --> $DIR/main.rs:26:30
   |
LL |         text("a").foreground(Color::srgb_hex("#ff8800")),
   |                              ---------------^^^^^^^^^^^
   |                              |
   |                              help: use `Srgb::from_hex`: `Srgb::from_hex`

warning: a literal color in view code does not adapt to the color scheme
  --> $DIR/main.rs:26:30
   |
LL |         text("a").foreground(Color::srgb_hex("#ff8800")),
   |                              ^^^^^^^^^^^^^^^^^^^^^^^^^^
   |
   = help: use a theme token — `ForegroundColor`, `BackgroundColor`, `SurfaceColor`, `AccentColor`, `MutedForegroundColor` from `waterui::graphics::color` — or lift a brand color to a named constant

warning: a literal font size in view code does not follow the typography scale
  --> $DIR/main.rs:28:18
   |
LL |         text("a").size(18.0),
   |                  ^^^^^^^^^^^
   |
   = help: use a semantic font — `.font(Title)`, `.font(Body)`, `.font(Caption)`, `.font(Headline)`, `.font(Footnote)` from `waterui::text::font`

warning: a literal font size in view code does not follow the typography scale
  --> $DIR/main.rs:30:40
   |
LL |         text("a").font(Font::new(Title).size(20.0)),
   |                                        ^^^^^^^^^^^
   |
   = help: use a semantic font — `.font(Title)`, `.font(Body)`, `.font(Caption)`, `.font(Headline)`, `.font(Footnote)` from `waterui::text::font`

warning: a literal font size in view code does not follow the typography scale
  --> $DIR/main.rs:32:40
   |
LL |         when(flag.clone(), || text("b").size(11.0)),
   |                                        ^^^^^^^^^^^
   |
   = help: use a semantic font — `.font(Title)`, `.font(Body)`, `.font(Caption)`, `.font(Headline)`, `.font(Footnote)` from `waterui::text::font`

warning: this parameter takes `impl Into<Color>`; pass the colorspace value
  --> $DIR/main.rs:40:30
   |
LL |         text("a").foreground(Color::srgb(r, g, b)),
   |                              -----------^^^^^^^^^
   |                              |
   |                              help: use `Srgb::new_u8`: `Srgb::new_u8`

warning: a literal font size in view code does not follow the typography scale
  --> $DIR/main.rs:49:18
   |
LL |         text("a").size(13.0)
   |                  ^^^^^^^^^^^
   |
   = help: use a semantic font — `.font(Title)`, `.font(Body)`, `.font(Caption)`, `.font(Headline)`, `.font(Footnote)` from `waterui::text::font`

warning: color components written as literals; write the color as `Srgb::from_hex("#1A4DE6")`
  --> $DIR/main.rs:15:21
   |
LL | const BRAND: Srgb = Srgb::new(0.1, 0.3, 0.9);
   |                     ^^^^^^^^^^^^^^^^^^^^^^^^
   |
   = note: the components round to (26, 77, 230)
   = note: `#[warn(literal_color_components)]` on by default
help: write it as a hex literal
   |
LL - const BRAND: Srgb = Srgb::new(0.1, 0.3, 0.9);
LL + const BRAND: Srgb = Srgb::from_hex("#1A4DE6");
   |

warning: color components written as literals; write the color as `Srgb::from_hex("#333333")`
  --> $DIR/main.rs:24:30
   |
LL |         text("a").foreground(Srgb::new(0.2, 0.2, 0.2)),
   |                              ^^^^^^^^^^^^^^^^^^^^^^^^
   |
help: write it as a hex literal
   |
LL -         text("a").foreground(Srgb::new(0.2, 0.2, 0.2)),
LL +         text("a").foreground(Srgb::from_hex("#333333")),
   |

warning: color components written as literals; write the color as `Color::srgb_hex("#010203")`
  --> $DIR/main.rs:55:5
   |
LL |     Color::srgb(1, 2, 3)
   |     ^^^^^^^^^^^^^^^^^^^^
   |
help: write it as a hex literal
   |
LL -     Color::srgb(1, 2, 3)
LL +     Color::srgb_hex("#010203")
   |

warning: 14 warnings emitted

