warning: this `set` recomputes the binding from its own `get()` snapshot
  --> $DIR/main.rs:17:5
   |
LL |     count.set(count.get() + 1);
   |     ^^^^^^^^^^-----------^^^^^
   |     |         |
   |     |         the value read here is stale by the time `set` runs
   |     help: mutate the binding in place through `get_mut`: `*count.get_mut() += 1`
   |
   = note: `#[warn(set_with_own_get)]` on by default

warning: this `set` recomputes the binding from its own `get()` snapshot
  --> $DIR/main.rs:19:5
   |
LL |     count.set(count.get() * 2);
   |     ^^^^^^^^^^-----------^^^^^
   |     |         |
   |     |         the value read here is stale by the time `set` runs
   |     help: mutate the binding in place through `get_mut`: `*count.get_mut() *= 2`

warning: this `set` recomputes the binding from its own `get()` snapshot
  --> $DIR/main.rs:21:5
   |
LL |     flag.set(!flag.get());
   |     ^^^^^^^^^^----------^
   |     |         |
   |     |         the value read here is stale by the time `set` runs
   |     help: toggle the binding instead: `flag.toggle()`

warning: this `set` recomputes the binding from its own `get()` snapshot
  --> $DIR/main.rs:23:5
   |
LL |     name.set(name.get() + "!");
   |     ^^^^^^^^^----------^^^^^^^
   |     |        |
   |     |        the value read here is stale by the time `set` runs
   |     help: mutate the binding in place through `get_mut`: `*name.get_mut() += "!"`

warning: this `set` recomputes the binding from its own `get()` snapshot
  --> $DIR/main.rs:25:5
   |
LL |     count.set(count.get().max(0) + 1);
   |     ^^^^^^^^^^-----------^^^^^^^^^^^^
   |     |         |
   |     |         the value read here is stale by the time `set` runs
   |     help: mutate the binding in place through `with_mut`: `count.with_mut(|v| *v = (*v).max(0) + 1)`

warning: this `set` recomputes the binding from its own `get()` snapshot
  --> $DIR/main.rs:27:5
   |
LL |     count.set(if count.get() > 3 { 0 } else { count.get() });
   |     ^^^^^^^^^^^^^-----------^^^^^^^^^^^^^^^^^^-----------^^^
   |     |            |                            |
   |     |            |                            the value read here is stale by the time `set` runs
   |     |            the value read here is stale by the time `set` runs
   |     help: mutate the binding in place through `with_mut`: `count.with_mut(|v| *v = if *v > 3 { 0 } else { *v })`

warning: this `set` recomputes the binding from its own `get()` snapshot
  --> $DIR/main.rs:29:5
   |
LL |     state.count.set(state.count.get() + 1);
   |     ^^^^^^^^^^^^^^^^-----------------^^^^^
   |     |               |
   |     |               the value read here is stale by the time `set` runs
   |     help: mutate the binding in place through `get_mut`: `*state.count.get_mut() += 1`

warning: 7 warnings emitted

