warning: a collection view is not a stack element
  --> $DIR/main.rs:30:37
   |
LL |     let _ = vstack((text("header"), VStack::for_each(items.clone(), row)));
   |                                     ^^^^^^^^^^^^^^^^^^^^^^^^^^^^^^^^^^^^ this collection cannot sit between tuple elements
   |
   = help: make the collection the stack's own content — `Stack::for_each(..)`/`List` — or wrap it in `scroll(..)` alongside the fixed elements
   = note: `#[warn(collection_in_tuple_stack)]` on by default

warning: a collection view is not a stack element
  --> $DIR/main.rs:33:37
   |
LL |     let _ = vstack((text("header"), Lazy::for_each(more.clone(), row)));
   |                                     ^^^^^^^^^^^^^^^^^^^^^^^^^^^^^^^^^ this collection cannot sit between tuple elements
   |
   = help: make the collection the stack's own content — `Stack::for_each(..)`/`List` — or wrap it in `scroll(..)` alongside the fixed elements

warning: a collection view is not a stack element
  --> $DIR/main.rs:39:9
   |
LL |         List::for_each(items.clone(), |item| ListItem::new(row(item))),
   |         ^^^^^^^^^^^^^^^^^^^^^^^^^^^^^^^^^^^^^^^^^^^^^^^^^^^^^^^^^^^^^^ this collection cannot sit between tuple elements
   |
   = help: make the collection the stack's own content — `Stack::for_each(..)`/`List` — or wrap it in `scroll(..)` alongside the fixed elements

warning: a collection view is not a stack element
  --> $DIR/main.rs:41:37
   |
LL |     let _ = zstack((text("header"), ZStack::for_each(other.clone(), row)));
   |                                     ^^^^^^^^^^^^^^^^^^^^^^^^^^^^^^^^^^^^ this collection cannot sit between tuple elements
   |
   = help: make the collection the stack's own content — `Stack::for_each(..)`/`List` — or wrap it in `scroll(..)` alongside the fixed elements

warning: a collection view is not a stack element
  --> $DIR/main.rs:45:37
   |
LL |     let _ = vstack((text("header"), list));
   |                                     ^^^^ this collection cannot sit between tuple elements
   |
   = help: make the collection the stack's own content — `Stack::for_each(..)`/`List` — or wrap it in `scroll(..)` alongside the fixed elements

warning: a collection view is not a stack element
  --> $DIR/main.rs:48:21
   |
LL |     let _ = vstack((Lazy::for_each(items.clone(), row),));
   |                     ^^^^^^^^^^^^^^^^^^^^^^^^^^^^^^^^^^ this collection cannot sit between tuple elements
   |
   = help: make the collection the stack's own content — `Stack::for_each(..)`/`List` — or wrap it in `scroll(..)` alongside the fixed elements

warning: 6 warnings emitted

